13cca348
1948483d.f6
210bd281.b4
226b12fd.92
2441da8c.fb
279e94f2.80
34dd6810.9f
37718c27.ac
3ef4511b.dd
ca0255e
